app/page.tsx(218,23): error TS1501: This regular expression flag is only available when targeting 'es2018' or later.
